Archive member included to satisfy reference by file (symbol)

c:/program files (x86)/atmel/studio/7.0/toolchain/avr8/avr8-gnu-toolchain/bin/../lib/gcc/avr/4.9.2/avr5\libgcc.a(_exit.o)
                              C:/Program Files (x86)/Atmel/Studio/7.0/Packs/atmel/ATmega_DFP/1.0.90/gcc/dev/atmega16/avr5/crtatmega16.o (exit)
c:/program files (x86)/atmel/studio/7.0/toolchain/avr8/avr8-gnu-toolchain/bin/../lib/gcc/avr/4.9.2/avr5\libgcc.a(_copy_data.o)
                              Pwm/Pwm.o (__do_copy_data)
c:/program files (x86)/atmel/studio/7.0/toolchain/avr8/avr8-gnu-toolchain/bin/../lib/gcc/avr/4.9.2/avr5\libgcc.a(_clear_bss.o)
                              ADC/Adc.o (__do_clear_bss)
c:/program files (x86)/atmel/studio/7.0/toolchain/avr8/avr8-gnu-toolchain/bin/../lib/gcc/avr/4.9.2/avr5\libgcc.a(_umulhisi3.o)
                              Pwm/Pwm.o (__umulhisi3)

Discarded input sections

 .data          0x00000000        0x0 C:/Program Files (x86)/Atmel/Studio/7.0/Packs/atmel/ATmega_DFP/1.0.90/gcc/dev/atmega16/avr5/crtatmega16.o
 .bss           0x00000000        0x0 C:/Program Files (x86)/Atmel/Studio/7.0/Packs/atmel/ATmega_DFP/1.0.90/gcc/dev/atmega16/avr5/crtatmega16.o
 .group         0x00000000        0x8 ADC/Adc.o
 .group         0x00000000        0x8 ADC/Adc.o
 .group         0x00000000        0x8 ADC/Adc.o
 .group         0x00000000        0x8 ADC/Adc.o
 .group         0x00000000        0x8 ADC/Adc.o
 .group         0x00000000        0x8 ADC/Adc.o
 .group         0x00000000        0x8 ADC/Adc.o
 .group         0x00000000        0x8 ADC/Adc.o
 .group         0x00000000        0x8 ADC/Adc.o
 .group         0x00000000        0x8 ADC/Adc.o
 .group         0x00000000        0x8 ADC/Adc.o
 .group         0x00000000        0x8 ADC/Adc.o
 .group         0x00000000        0x8 ADC/Adc.o
 .group         0x00000000        0x8 ADC/Adc.o
 .group         0x00000000        0x8 ADC/Adc.o
 .group         0x00000000        0x8 ADC/Adc.o
 .group         0x00000000        0x8 ADC/Adc.o
 .text          0x00000000        0x0 ADC/Adc.o
 .data          0x00000000        0x0 ADC/Adc.o
 .bss           0x00000000        0x0 ADC/Adc.o
 .bss.Adc_adc   0x00000000        0x8 ADC/Adc.o
 .text.Adc_Init
                0x00000000       0xe6 ADC/Adc.o
 .text.Adc_SetupAdc
                0x00000000       0xb6 ADC/Adc.o
 .text.Adc_SetAutoTrigger
                0x00000000       0x8e ADC/Adc.o
 .text.Acd_SetChannel
                0x00000000       0x3c ADC/Adc.o
 .text.Adc_SetEnableStatus
                0x00000000       0x40 ADC/Adc.o
 .text.Adc_StartConversation
                0x00000000       0x2e ADC/Adc.o
 .text.Adc_StopConversation
                0x00000000       0x2e ADC/Adc.o
 .text.Adc_GetConversationStatus
                0x00000000       0x34 ADC/Adc.o
 .text.Adc_IsConversationComplete
                0x00000000       0x34 ADC/Adc.o
 .text.Adc_GetAdcValue
                0x00000000       0x46 ADC/Adc.o
 .text.Adc_GetAdcRawValue
                0x00000000       0x46 ADC/Adc.o
 .text.Adc_SetAdcReference
                0x00000000       0x42 ADC/Adc.o
 .text.Adc_GetAdcReference
                0x00000000       0x36 ADC/Adc.o
 .text.Adc_SetResultStyls
                0x00000000       0x40 ADC/Adc.o
 .text.Adc_GetResultStyls
                0x00000000       0x36 ADC/Adc.o
 .debug_info    0x00000000      0x68b ADC/Adc.o
 .debug_abbrev  0x00000000      0x139 ADC/Adc.o
 .debug_loc     0x00000000      0x411 ADC/Adc.o
 .debug_aranges
                0x00000000       0x90 ADC/Adc.o
 .debug_ranges  0x00000000       0x80 ADC/Adc.o
 .debug_macro   0x00000000       0xcb ADC/Adc.o
 .debug_macro   0x00000000      0xa54 ADC/Adc.o
 .debug_macro   0x00000000       0x10 ADC/Adc.o
 .debug_macro   0x00000000      0x1ad ADC/Adc.o
 .debug_macro   0x00000000      0x293 ADC/Adc.o
 .debug_macro   0x00000000       0x9e ADC/Adc.o
 .debug_macro   0x00000000      0xc0a ADC/Adc.o
 .debug_macro   0x00000000      0x170 ADC/Adc.o
 .debug_macro   0x00000000       0xbd ADC/Adc.o
 .debug_macro   0x00000000       0x34 ADC/Adc.o
 .debug_macro   0x00000000       0x18 ADC/Adc.o
 .debug_macro   0x00000000       0x6c ADC/Adc.o
 .debug_macro   0x00000000       0x58 ADC/Adc.o
 .debug_macro   0x00000000       0x10 ADC/Adc.o
 .debug_macro   0x00000000       0x97 ADC/Adc.o
 .debug_macro   0x00000000       0xeb ADC/Adc.o
 .debug_macro   0x00000000       0x34 ADC/Adc.o
 .debug_macro   0x00000000       0x20 ADC/Adc.o
 .debug_line    0x00000000      0x3a1 ADC/Adc.o
 .debug_str     0x00000000     0x6957 ADC/Adc.o
 .comment       0x00000000       0x31 ADC/Adc.o
 .debug_frame   0x00000000      0x1f4 ADC/Adc.o
 .group         0x00000000        0x8 MbDrv/MbDrv.o
 .group         0x00000000        0x8 MbDrv/MbDrv.o
 .group         0x00000000        0x8 MbDrv/MbDrv.o
 .group         0x00000000        0x8 MbDrv/MbDrv.o
 .group         0x00000000        0x8 MbDrv/MbDrv.o
 .group         0x00000000        0x8 MbDrv/MbDrv.o
 .group         0x00000000        0x8 MbDrv/MbDrv.o
 .group         0x00000000        0x8 MbDrv/MbDrv.o
 .group         0x00000000        0x8 MbDrv/MbDrv.o
 .group         0x00000000        0x8 MbDrv/MbDrv.o
 .group         0x00000000        0x8 MbDrv/MbDrv.o
 .group         0x00000000        0x8 MbDrv/MbDrv.o
 .group         0x00000000        0x8 MbDrv/MbDrv.o
 .group         0x00000000        0x8 MbDrv/MbDrv.o
 .group         0x00000000        0x8 MbDrv/MbDrv.o
 .group         0x00000000        0x8 MbDrv/MbDrv.o
 .group         0x00000000        0x8 MbDrv/MbDrv.o
 .group         0x00000000        0x8 MbDrv/MbDrv.o
 .text          0x00000000        0x0 MbDrv/MbDrv.o
 .data          0x00000000        0x0 MbDrv/MbDrv.o
 .bss           0x00000000        0x0 MbDrv/MbDrv.o
 .bss.MbDrv_config
                0x00000000        0x6 MbDrv/MbDrv.o
 .text.MbDrv_Init
                0x00000000       0x10 MbDrv/MbDrv.o
 .text.MbDrv_EnableMbDrv
                0x00000000       0x2a MbDrv/MbDrv.o
 .text.MbDrv_DisableMbDrv
                0x00000000       0x2a MbDrv/MbDrv.o
 .text.MbDrv_SetMbDrvPin
                0x00000000       0x58 MbDrv/MbDrv.o
 .text.MbDrv_ResetAllMbDrvPorts
                0x00000000       0x5e MbDrv/MbDrv.o
 .text.MbDrv_EnableMbDrvOutput1
                0x00000000       0x44 MbDrv/MbDrv.o
 .text.MbDrv_EnableMbDrvOutput2
                0x00000000       0x44 MbDrv/MbDrv.o
 .text.MbDrv_BlockMbDrv
                0x00000000       0x44 MbDrv/MbDrv.o
 .text.MbDrv_SetMbDrvToDefStat
                0x00000000       0x8c MbDrv/MbDrv.o
 .debug_info    0x00000000      0x2ca MbDrv/MbDrv.o
 .debug_abbrev  0x00000000       0xf0 MbDrv/MbDrv.o
 .debug_loc     0x00000000      0x22d MbDrv/MbDrv.o
 .debug_aranges
                0x00000000       0x60 MbDrv/MbDrv.o
 .debug_ranges  0x00000000       0x50 MbDrv/MbDrv.o
 .debug_macro   0x00000000       0xf0 MbDrv/MbDrv.o
 .debug_macro   0x00000000      0xa54 MbDrv/MbDrv.o
 .debug_macro   0x00000000       0x10 MbDrv/MbDrv.o
 .debug_macro   0x00000000      0x1ad MbDrv/MbDrv.o
 .debug_macro   0x00000000      0x293 MbDrv/MbDrv.o
 .debug_macro   0x00000000       0x9e MbDrv/MbDrv.o
 .debug_macro   0x00000000      0xc0a MbDrv/MbDrv.o
 .debug_macro   0x00000000      0x170 MbDrv/MbDrv.o
 .debug_macro   0x00000000       0xbd MbDrv/MbDrv.o
 .debug_macro   0x00000000       0x34 MbDrv/MbDrv.o
 .debug_macro   0x00000000       0x18 MbDrv/MbDrv.o
 .debug_macro   0x00000000       0x6c MbDrv/MbDrv.o
 .debug_macro   0x00000000       0x58 MbDrv/MbDrv.o
 .debug_macro   0x00000000       0x10 MbDrv/MbDrv.o
 .debug_macro   0x00000000       0x97 MbDrv/MbDrv.o
 .debug_macro   0x00000000       0xeb MbDrv/MbDrv.o
 .debug_macro   0x00000000       0x34 MbDrv/MbDrv.o
 .debug_macro   0x00000000       0x18 MbDrv/MbDrv.o
 .debug_macro   0x00000000       0x18 MbDrv/MbDrv.o
 .debug_line    0x00000000      0x376 MbDrv/MbDrv.o
 .debug_str     0x00000000     0x6687 MbDrv/MbDrv.o
 .comment       0x00000000       0x31 MbDrv/MbDrv.o
 .debug_frame   0x00000000      0x134 MbDrv/MbDrv.o
 .group         0x00000000        0x8 NewProjekt.o
 .group         0x00000000        0x8 NewProjekt.o
 .group         0x00000000        0x8 NewProjekt.o
 .group         0x00000000        0x8 NewProjekt.o
 .group         0x00000000        0x8 NewProjekt.o
 .group         0x00000000        0x8 NewProjekt.o
 .group         0x00000000        0x8 NewProjekt.o
 .group         0x00000000        0x8 NewProjekt.o
 .group         0x00000000        0x8 NewProjekt.o
 .group         0x00000000        0x8 NewProjekt.o
 .group         0x00000000        0x8 NewProjekt.o
 .group         0x00000000        0x8 NewProjekt.o
 .group         0x00000000        0x8 NewProjekt.o
 .group         0x00000000        0x8 NewProjekt.o
 .group         0x00000000        0x8 NewProjekt.o
 .group         0x00000000        0x8 NewProjekt.o
 .group         0x00000000        0x8 NewProjekt.o
 .group         0x00000000        0x8 NewProjekt.o
 .group         0x00000000        0x8 NewProjekt.o
 .text          0x00000000        0x0 NewProjekt.o
 .data          0x00000000        0x0 NewProjekt.o
 .bss           0x00000000        0x0 NewProjekt.o
 .text.Switch_Debug
                0x00000000       0x8e NewProjekt.o
 .debug_macro   0x00000000      0xa54 NewProjekt.o
 .debug_macro   0x00000000       0x10 NewProjekt.o
 .debug_macro   0x00000000      0x1ad NewProjekt.o
 .debug_macro   0x00000000      0x293 NewProjekt.o
 .debug_macro   0x00000000       0x9e NewProjekt.o
 .debug_macro   0x00000000      0xc0a NewProjekt.o
 .debug_macro   0x00000000      0x170 NewProjekt.o
 .debug_macro   0x00000000       0xbd NewProjekt.o
 .debug_macro   0x00000000       0x34 NewProjekt.o
 .debug_macro   0x00000000       0x18 NewProjekt.o
 .debug_macro   0x00000000       0x6c NewProjekt.o
 .debug_macro   0x00000000       0x58 NewProjekt.o
 .debug_macro   0x00000000       0x10 NewProjekt.o
 .debug_macro   0x00000000       0x97 NewProjekt.o
 .debug_macro   0x00000000       0xeb NewProjekt.o
 .debug_macro   0x00000000       0x34 NewProjekt.o
 .debug_macro   0x00000000       0x18 NewProjekt.o
 .group         0x00000000        0x8 Ports/Port.o
 .group         0x00000000        0x8 Ports/Port.o
 .group         0x00000000        0x8 Ports/Port.o
 .group         0x00000000        0x8 Ports/Port.o
 .group         0x00000000        0x8 Ports/Port.o
 .group         0x00000000        0x8 Ports/Port.o
 .group         0x00000000        0x8 Ports/Port.o
 .group         0x00000000        0x8 Ports/Port.o
 .group         0x00000000        0x8 Ports/Port.o
 .group         0x00000000        0x8 Ports/Port.o
 .group         0x00000000        0x8 Ports/Port.o
 .group         0x00000000        0x8 Ports/Port.o
 .group         0x00000000        0x8 Ports/Port.o
 .group         0x00000000        0x8 Ports/Port.o
 .group         0x00000000        0x8 Ports/Port.o
 .group         0x00000000        0x8 Ports/Port.o
 .group         0x00000000        0x8 Ports/Port.o
 .text          0x00000000        0x0 Ports/Port.o
 .data          0x00000000        0x0 Ports/Port.o
 .bss           0x00000000        0x0 Ports/Port.o
 .text.Port_InitPort
                0x00000000       0x76 Ports/Port.o
 .text.Port_SetPinConfiguration
                0x00000000       0x8e Ports/Port.o
 .text.Port_SetPin
                0x00000000       0x8e Ports/Port.o
 .text.Port_GetPin
                0x00000000       0x60 Ports/Port.o
 .text.Port_GetDDRRegister
                0x00000000       0x70 Ports/Port.o
 .text.Port_GetPORTRegister
                0x00000000       0x70 Ports/Port.o
 .text.Port_GetPINRegister
                0x00000000       0x70 Ports/Port.o
 .text.Port_GetDirection
                0x00000000       0x60 Ports/Port.o
 .debug_info    0x00000000      0x3ae Ports/Port.o
 .debug_abbrev  0x00000000       0xfb Ports/Port.o
 .debug_loc     0x00000000      0x23f Ports/Port.o
 .debug_aranges
                0x00000000       0x58 Ports/Port.o
 .debug_ranges  0x00000000       0x48 Ports/Port.o
 .debug_macro   0x00000000       0xcb Ports/Port.o
 .debug_macro   0x00000000      0xa54 Ports/Port.o
 .debug_macro   0x00000000       0x10 Ports/Port.o
 .debug_macro   0x00000000      0x1ad Ports/Port.o
 .debug_macro   0x00000000      0x293 Ports/Port.o
 .debug_macro   0x00000000       0x9e Ports/Port.o
 .debug_macro   0x00000000      0xc0a Ports/Port.o
 .debug_macro   0x00000000      0x170 Ports/Port.o
 .debug_macro   0x00000000       0xbd Ports/Port.o
 .debug_macro   0x00000000       0x34 Ports/Port.o
 .debug_macro   0x00000000       0x18 Ports/Port.o
 .debug_macro   0x00000000       0x6c Ports/Port.o
 .debug_macro   0x00000000       0x58 Ports/Port.o
 .debug_macro   0x00000000       0x10 Ports/Port.o
 .debug_macro   0x00000000       0x97 Ports/Port.o
 .debug_macro   0x00000000       0xeb Ports/Port.o
 .debug_macro   0x00000000       0x34 Ports/Port.o
 .debug_macro   0x00000000       0x12 Ports/Port.o
 .debug_line    0x00000000      0x31d Ports/Port.o
 .debug_str     0x00000000     0x647d Ports/Port.o
 .comment       0x00000000       0x31 Ports/Port.o
 .debug_frame   0x00000000      0x114 Ports/Port.o
 .group         0x00000000        0x8 Pwm/Pwm.o
 .group         0x00000000        0x8 Pwm/Pwm.o
 .group         0x00000000        0x8 Pwm/Pwm.o
 .group         0x00000000        0x8 Pwm/Pwm.o
 .group         0x00000000        0x8 Pwm/Pwm.o
 .group         0x00000000        0x8 Pwm/Pwm.o
 .group         0x00000000        0x8 Pwm/Pwm.o
 .group         0x00000000        0x8 Pwm/Pwm.o
 .group         0x00000000        0x8 Pwm/Pwm.o
 .group         0x00000000        0x8 Pwm/Pwm.o
 .group         0x00000000        0x8 Pwm/Pwm.o
 .group         0x00000000        0x8 Pwm/Pwm.o
 .group         0x00000000        0x8 Pwm/Pwm.o
 .group         0x00000000        0x8 Pwm/Pwm.o
 .group         0x00000000        0x8 Pwm/Pwm.o
 .group         0x00000000        0x8 Pwm/Pwm.o
 .group         0x00000000        0x8 Pwm/Pwm.o
 .text          0x00000000        0x0 Pwm/Pwm.o
 .data          0x00000000        0x0 Pwm/Pwm.o
 .bss           0x00000000        0x0 Pwm/Pwm.o
 .bss.Pwm_channel0
                0x00000000        0x8 Pwm/Pwm.o
 .bss.Pwm_channel2
                0x00000000        0x8 Pwm/Pwm.o
 .data.Pwm_config
                0x00000000        0x4 Pwm/Pwm.o
 .text.Pwm_Init
                0x00000000       0x48 Pwm/Pwm.o
 .text.Pwm_SetPwmRegister
                0x00000000       0x8a Pwm/Pwm.o
 .text.Pwm_GetChannel
                0x00000000       0x30 Pwm/Pwm.o
 .text.Pwm_GetChannelConfig
                0x00000000       0x22 Pwm/Pwm.o
 .text.Pwm_SetPwmMode
                0x00000000       0x4a Pwm/Pwm.o
 .text.Pwm_SetActivationStatus
                0x00000000       0x90 Pwm/Pwm.o
 .text.Pwm_SetPwmPrescaler
                0x00000000       0x5c Pwm/Pwm.o
 .text.Pwm_SetPwmDutyCycle
                0x00000000       0x6a Pwm/Pwm.o
 .text.Pwm_GetPwmMode
                0x00000000       0x34 Pwm/Pwm.o
 .text.Pwm_EnableOrcPort
                0x00000000       0x70 Pwm/Pwm.o
 .text.Pwm_SetOutputMode
                0x00000000       0x70 Pwm/Pwm.o
 .debug_info    0x00000000      0x54c Pwm/Pwm.o
 .debug_abbrev  0x00000000      0x13a Pwm/Pwm.o
 .debug_loc     0x00000000      0x318 Pwm/Pwm.o
 .debug_aranges
                0x00000000       0x70 Pwm/Pwm.o
 .debug_ranges  0x00000000       0x60 Pwm/Pwm.o
 .debug_macro   0x00000000       0xe3 Pwm/Pwm.o
 .debug_macro   0x00000000      0xa54 Pwm/Pwm.o
 .debug_macro   0x00000000       0x10 Pwm/Pwm.o
 .debug_macro   0x00000000      0x1ad Pwm/Pwm.o
 .debug_macro   0x00000000      0x293 Pwm/Pwm.o
 .debug_macro   0x00000000       0x9e Pwm/Pwm.o
 .debug_macro   0x00000000      0xc0a Pwm/Pwm.o
 .debug_macro   0x00000000      0x170 Pwm/Pwm.o
 .debug_macro   0x00000000       0xbd Pwm/Pwm.o
 .debug_macro   0x00000000       0x34 Pwm/Pwm.o
 .debug_macro   0x00000000       0x18 Pwm/Pwm.o
 .debug_macro   0x00000000       0x6c Pwm/Pwm.o
 .debug_macro   0x00000000       0x58 Pwm/Pwm.o
 .debug_macro   0x00000000       0x10 Pwm/Pwm.o
 .debug_macro   0x00000000       0x97 Pwm/Pwm.o
 .debug_macro   0x00000000       0xeb Pwm/Pwm.o
 .debug_macro   0x00000000       0x34 Pwm/Pwm.o
 .debug_macro   0x00000000       0x12 Pwm/Pwm.o
 .debug_line    0x00000000      0x36b Pwm/Pwm.o
 .debug_str     0x00000000     0x6762 Pwm/Pwm.o
 .comment       0x00000000       0x31 Pwm/Pwm.o
 .debug_frame   0x00000000      0x174 Pwm/Pwm.o
 .group         0x00000000        0x8 Switch/Switch.o
 .group         0x00000000        0x8 Switch/Switch.o
 .group         0x00000000        0x8 Switch/Switch.o
 .group         0x00000000        0x8 Switch/Switch.o
 .group         0x00000000        0x8 Switch/Switch.o
 .group         0x00000000        0x8 Switch/Switch.o
 .group         0x00000000        0x8 Switch/Switch.o
 .group         0x00000000        0x8 Switch/Switch.o
 .group         0x00000000        0x8 Switch/Switch.o
 .group         0x00000000        0x8 Switch/Switch.o
 .group         0x00000000        0x8 Switch/Switch.o
 .group         0x00000000        0x8 Switch/Switch.o
 .group         0x00000000        0x8 Switch/Switch.o
 .group         0x00000000        0x8 Switch/Switch.o
 .group         0x00000000        0x8 Switch/Switch.o
 .group         0x00000000        0x8 Switch/Switch.o
 .group         0x00000000        0x8 Switch/Switch.o
 .text          0x00000000        0x0 Switch/Switch.o
 .data          0x00000000        0x0 Switch/Switch.o
 .bss           0x00000000        0x0 Switch/Switch.o
 .data.pinUp    0x00000000        0x2 Switch/Switch.o
 .data.pinDown  0x00000000        0x2 Switch/Switch.o
 .data.Sw_switches
                0x00000000        0x8 Switch/Switch.o
 .text.Sw_Init  0x00000000       0x10 Switch/Switch.o
 .text.Sw_MainFunction
                0x00000000       0xf6 Switch/Switch.o
 .text.Sw_GetSwitchStatus
                0x00000000       0x36 Switch/Switch.o
 .debug_info    0x00000000      0x2ed Switch/Switch.o
 .debug_abbrev  0x00000000      0x124 Switch/Switch.o
 .debug_loc     0x00000000       0xcb Switch/Switch.o
 .debug_aranges
                0x00000000       0x30 Switch/Switch.o
 .debug_ranges  0x00000000       0x20 Switch/Switch.o
 .debug_macro   0x00000000       0xed Switch/Switch.o
 .debug_macro   0x00000000      0xa54 Switch/Switch.o
 .debug_macro   0x00000000       0x10 Switch/Switch.o
 .debug_macro   0x00000000      0x1ad Switch/Switch.o
 .debug_macro   0x00000000      0x293 Switch/Switch.o
 .debug_macro   0x00000000       0x9e Switch/Switch.o
 .debug_macro   0x00000000      0xc0a Switch/Switch.o
 .debug_macro   0x00000000      0x170 Switch/Switch.o
 .debug_macro   0x00000000       0xbd Switch/Switch.o
 .debug_macro   0x00000000       0x34 Switch/Switch.o
 .debug_macro   0x00000000       0x18 Switch/Switch.o
 .debug_macro   0x00000000       0x6c Switch/Switch.o
 .debug_macro   0x00000000       0x58 Switch/Switch.o
 .debug_macro   0x00000000       0x10 Switch/Switch.o
 .debug_macro   0x00000000       0x97 Switch/Switch.o
 .debug_macro   0x00000000       0xeb Switch/Switch.o
 .debug_macro   0x00000000       0x34 Switch/Switch.o
 .debug_macro   0x00000000       0x18 Switch/Switch.o
 .debug_line    0x00000000      0x2bc Switch/Switch.o
 .debug_str     0x00000000     0x662d Switch/Switch.o
 .comment       0x00000000       0x31 Switch/Switch.o
 .debug_frame   0x00000000       0x74 Switch/Switch.o
 .text          0x00000000        0x0 c:/program files (x86)/atmel/studio/7.0/toolchain/avr8/avr8-gnu-toolchain/bin/../lib/gcc/avr/4.9.2/avr5\libgcc.a(_exit.o)
 .data          0x00000000        0x0 c:/program files (x86)/atmel/studio/7.0/toolchain/avr8/avr8-gnu-toolchain/bin/../lib/gcc/avr/4.9.2/avr5\libgcc.a(_exit.o)
 .bss           0x00000000        0x0 c:/program files (x86)/atmel/studio/7.0/toolchain/avr8/avr8-gnu-toolchain/bin/../lib/gcc/avr/4.9.2/avr5\libgcc.a(_exit.o)
 .text.libgcc.mul
                0x00000000        0x0 c:/program files (x86)/atmel/studio/7.0/toolchain/avr8/avr8-gnu-toolchain/bin/../lib/gcc/avr/4.9.2/avr5\libgcc.a(_exit.o)
 .text.libgcc.div
                0x00000000        0x0 c:/program files (x86)/atmel/studio/7.0/toolchain/avr8/avr8-gnu-toolchain/bin/../lib/gcc/avr/4.9.2/avr5\libgcc.a(_exit.o)
 .text.libgcc   0x00000000        0x0 c:/program files (x86)/atmel/studio/7.0/toolchain/avr8/avr8-gnu-toolchain/bin/../lib/gcc/avr/4.9.2/avr5\libgcc.a(_exit.o)
 .text.libgcc.prologue
                0x00000000        0x0 c:/program files (x86)/atmel/studio/7.0/toolchain/avr8/avr8-gnu-toolchain/bin/../lib/gcc/avr/4.9.2/avr5\libgcc.a(_exit.o)
 .text.libgcc.builtins
                0x00000000        0x0 c:/program files (x86)/atmel/studio/7.0/toolchain/avr8/avr8-gnu-toolchain/bin/../lib/gcc/avr/4.9.2/avr5\libgcc.a(_exit.o)
 .text.libgcc.fmul
                0x00000000        0x0 c:/program files (x86)/atmel/studio/7.0/toolchain/avr8/avr8-gnu-toolchain/bin/../lib/gcc/avr/4.9.2/avr5\libgcc.a(_exit.o)
 .text.libgcc.fixed
                0x00000000        0x0 c:/program files (x86)/atmel/studio/7.0/toolchain/avr8/avr8-gnu-toolchain/bin/../lib/gcc/avr/4.9.2/avr5\libgcc.a(_exit.o)
 .text          0x00000000        0x0 c:/program files (x86)/atmel/studio/7.0/toolchain/avr8/avr8-gnu-toolchain/bin/../lib/gcc/avr/4.9.2/avr5\libgcc.a(_copy_data.o)
 .data          0x00000000        0x0 c:/program files (x86)/atmel/studio/7.0/toolchain/avr8/avr8-gnu-toolchain/bin/../lib/gcc/avr/4.9.2/avr5\libgcc.a(_copy_data.o)
 .bss           0x00000000        0x0 c:/program files (x86)/atmel/studio/7.0/toolchain/avr8/avr8-gnu-toolchain/bin/../lib/gcc/avr/4.9.2/avr5\libgcc.a(_copy_data.o)
 .text.libgcc.mul
                0x00000000        0x0 c:/program files (x86)/atmel/studio/7.0/toolchain/avr8/avr8-gnu-toolchain/bin/../lib/gcc/avr/4.9.2/avr5\libgcc.a(_copy_data.o)
 .text.libgcc.div
                0x00000000        0x0 c:/program files (x86)/atmel/studio/7.0/toolchain/avr8/avr8-gnu-toolchain/bin/../lib/gcc/avr/4.9.2/avr5\libgcc.a(_copy_data.o)
 .text.libgcc   0x00000000        0x0 c:/program files (x86)/atmel/studio/7.0/toolchain/avr8/avr8-gnu-toolchain/bin/../lib/gcc/avr/4.9.2/avr5\libgcc.a(_copy_data.o)
 .text.libgcc.prologue
                0x00000000        0x0 c:/program files (x86)/atmel/studio/7.0/toolchain/avr8/avr8-gnu-toolchain/bin/../lib/gcc/avr/4.9.2/avr5\libgcc.a(_copy_data.o)
 .text.libgcc.builtins
                0x00000000        0x0 c:/program files (x86)/atmel/studio/7.0/toolchain/avr8/avr8-gnu-toolchain/bin/../lib/gcc/avr/4.9.2/avr5\libgcc.a(_copy_data.o)
 .text.libgcc.fmul
                0x00000000        0x0 c:/program files (x86)/atmel/studio/7.0/toolchain/avr8/avr8-gnu-toolchain/bin/../lib/gcc/avr/4.9.2/avr5\libgcc.a(_copy_data.o)
 .text.libgcc.fixed
                0x00000000        0x0 c:/program files (x86)/atmel/studio/7.0/toolchain/avr8/avr8-gnu-toolchain/bin/../lib/gcc/avr/4.9.2/avr5\libgcc.a(_copy_data.o)
 .text          0x00000000        0x0 c:/program files (x86)/atmel/studio/7.0/toolchain/avr8/avr8-gnu-toolchain/bin/../lib/gcc/avr/4.9.2/avr5\libgcc.a(_clear_bss.o)
 .data          0x00000000        0x0 c:/program files (x86)/atmel/studio/7.0/toolchain/avr8/avr8-gnu-toolchain/bin/../lib/gcc/avr/4.9.2/avr5\libgcc.a(_clear_bss.o)
 .bss           0x00000000        0x0 c:/program files (x86)/atmel/studio/7.0/toolchain/avr8/avr8-gnu-toolchain/bin/../lib/gcc/avr/4.9.2/avr5\libgcc.a(_clear_bss.o)
 .text.libgcc.mul
                0x00000000        0x0 c:/program files (x86)/atmel/studio/7.0/toolchain/avr8/avr8-gnu-toolchain/bin/../lib/gcc/avr/4.9.2/avr5\libgcc.a(_clear_bss.o)
 .text.libgcc.div
                0x00000000        0x0 c:/program files (x86)/atmel/studio/7.0/toolchain/avr8/avr8-gnu-toolchain/bin/../lib/gcc/avr/4.9.2/avr5\libgcc.a(_clear_bss.o)
 .text.libgcc   0x00000000        0x0 c:/program files (x86)/atmel/studio/7.0/toolchain/avr8/avr8-gnu-toolchain/bin/../lib/gcc/avr/4.9.2/avr5\libgcc.a(_clear_bss.o)
 .text.libgcc.prologue
                0x00000000        0x0 c:/program files (x86)/atmel/studio/7.0/toolchain/avr8/avr8-gnu-toolchain/bin/../lib/gcc/avr/4.9.2/avr5\libgcc.a(_clear_bss.o)
 .text.libgcc.builtins
                0x00000000        0x0 c:/program files (x86)/atmel/studio/7.0/toolchain/avr8/avr8-gnu-toolchain/bin/../lib/gcc/avr/4.9.2/avr5\libgcc.a(_clear_bss.o)
 .text.libgcc.fmul
                0x00000000        0x0 c:/program files (x86)/atmel/studio/7.0/toolchain/avr8/avr8-gnu-toolchain/bin/../lib/gcc/avr/4.9.2/avr5\libgcc.a(_clear_bss.o)
 .text.libgcc.fixed
                0x00000000        0x0 c:/program files (x86)/atmel/studio/7.0/toolchain/avr8/avr8-gnu-toolchain/bin/../lib/gcc/avr/4.9.2/avr5\libgcc.a(_clear_bss.o)
 .text          0x00000000        0x0 c:/program files (x86)/atmel/studio/7.0/toolchain/avr8/avr8-gnu-toolchain/bin/../lib/gcc/avr/4.9.2/avr5\libgcc.a(_umulhisi3.o)
 .data          0x00000000        0x0 c:/program files (x86)/atmel/studio/7.0/toolchain/avr8/avr8-gnu-toolchain/bin/../lib/gcc/avr/4.9.2/avr5\libgcc.a(_umulhisi3.o)
 .bss           0x00000000        0x0 c:/program files (x86)/atmel/studio/7.0/toolchain/avr8/avr8-gnu-toolchain/bin/../lib/gcc/avr/4.9.2/avr5\libgcc.a(_umulhisi3.o)
 .text.libgcc.mul
                0x00000000       0x1e c:/program files (x86)/atmel/studio/7.0/toolchain/avr8/avr8-gnu-toolchain/bin/../lib/gcc/avr/4.9.2/avr5\libgcc.a(_umulhisi3.o)
 .text.libgcc.div
                0x00000000        0x0 c:/program files (x86)/atmel/studio/7.0/toolchain/avr8/avr8-gnu-toolchain/bin/../lib/gcc/avr/4.9.2/avr5\libgcc.a(_umulhisi3.o)
 .text.libgcc   0x00000000        0x0 c:/program files (x86)/atmel/studio/7.0/toolchain/avr8/avr8-gnu-toolchain/bin/../lib/gcc/avr/4.9.2/avr5\libgcc.a(_umulhisi3.o)
 .text.libgcc.prologue
                0x00000000        0x0 c:/program files (x86)/atmel/studio/7.0/toolchain/avr8/avr8-gnu-toolchain/bin/../lib/gcc/avr/4.9.2/avr5\libgcc.a(_umulhisi3.o)
 .text.libgcc.builtins
                0x00000000        0x0 c:/program files (x86)/atmel/studio/7.0/toolchain/avr8/avr8-gnu-toolchain/bin/../lib/gcc/avr/4.9.2/avr5\libgcc.a(_umulhisi3.o)
 .text.libgcc.fmul
                0x00000000        0x0 c:/program files (x86)/atmel/studio/7.0/toolchain/avr8/avr8-gnu-toolchain/bin/../lib/gcc/avr/4.9.2/avr5\libgcc.a(_umulhisi3.o)
 .text.libgcc.fixed
                0x00000000        0x0 c:/program files (x86)/atmel/studio/7.0/toolchain/avr8/avr8-gnu-toolchain/bin/../lib/gcc/avr/4.9.2/avr5\libgcc.a(_umulhisi3.o)

Memory Configuration

Name             Origin             Length             Attributes
text             0x00000000         0x00020000         xr
data             0x00800060         0x0000ffa0         rw !x
eeprom           0x00810000         0x00010000         rw !x
fuse             0x00820000         0x00000400         rw !x
lock             0x00830000         0x00000400         rw !x
signature        0x00840000         0x00000400         rw !x
user_signatures  0x00850000         0x00000400         rw !x
*default*        0x00000000         0xffffffff

Linker script and memory map

LOAD C:/Program Files (x86)/Atmel/Studio/7.0/Packs/atmel/ATmega_DFP/1.0.90/gcc/dev/atmega16/avr5/crtatmega16.o
LOAD ADC/Adc.o
LOAD MbDrv/MbDrv.o
LOAD NewProjekt.o
LOAD Ports/Port.o
LOAD Pwm/Pwm.o
LOAD Switch/Switch.o
START GROUP
LOAD c:/program files (x86)/atmel/studio/7.0/toolchain/avr8/avr8-gnu-toolchain/bin/../lib/gcc/avr/4.9.2/../../../../avr/lib/avr5\libm.a
END GROUP
START GROUP
LOAD c:/program files (x86)/atmel/studio/7.0/toolchain/avr8/avr8-gnu-toolchain/bin/../lib/gcc/avr/4.9.2/avr5\libgcc.a
LOAD c:/program files (x86)/atmel/studio/7.0/toolchain/avr8/avr8-gnu-toolchain/bin/../lib/gcc/avr/4.9.2/../../../../avr/lib/avr5\libm.a
LOAD c:/program files (x86)/atmel/studio/7.0/toolchain/avr8/avr8-gnu-toolchain/bin/../lib/gcc/avr/4.9.2/../../../../avr/lib/avr5\libc.a
LOAD C:/Program Files (x86)/Atmel/Studio/7.0/Packs/atmel/ATmega_DFP/1.0.90/gcc/dev/atmega16/avr5\libatmega16.a
END GROUP

.hash
 *(.hash)

.dynsym
 *(.dynsym)

.dynstr
 *(.dynstr)

.gnu.version
 *(.gnu.version)

.gnu.version_d
 *(.gnu.version_d)

.gnu.version_r
 *(.gnu.version_r)

.rel.init
 *(.rel.init)

.rela.init
 *(.rela.init)

.rel.text
 *(.rel.text)
 *(.rel.text.*)
 *(.rel.gnu.linkonce.t*)

.rela.text
 *(.rela.text)
 *(.rela.text.*)
 *(.rela.gnu.linkonce.t*)

.rel.fini
 *(.rel.fini)

.rela.fini
 *(.rela.fini)

.rel.rodata
 *(.rel.rodata)
 *(.rel.rodata.*)
 *(.rel.gnu.linkonce.r*)

.rela.rodata
 *(.rela.rodata)
 *(.rela.rodata.*)
 *(.rela.gnu.linkonce.r*)

.rel.data
 *(.rel.data)
 *(.rel.data.*)
 *(.rel.gnu.linkonce.d*)

.rela.data
 *(.rela.data)
 *(.rela.data.*)
 *(.rela.gnu.linkonce.d*)

.rel.ctors
 *(.rel.ctors)

.rela.ctors
 *(.rela.ctors)

.rel.dtors
 *(.rel.dtors)

.rela.dtors
 *(.rela.dtors)

.rel.got
 *(.rel.got)

.rela.got
 *(.rela.got)

.rel.bss
 *(.rel.bss)

.rela.bss
 *(.rela.bss)

.rel.plt
 *(.rel.plt)

.rela.plt
 *(.rela.plt)

.text           0x00000000       0xa0
 *(.vectors)
 .vectors       0x00000000       0x54 C:/Program Files (x86)/Atmel/Studio/7.0/Packs/atmel/ATmega_DFP/1.0.90/gcc/dev/atmega16/avr5/crtatmega16.o
                0x00000000                __vector_default
                0x00000000                __vectors
 *(.vectors)
 *(.progmem.gcc*)
                0x00000054                . = ALIGN (0x2)
                0x00000054                __trampolines_start = .
 *(.trampolines)
 .trampolines   0x00000054        0x0 linker stubs
 *(.trampolines*)
                0x00000054                __trampolines_end = .
 *(.progmem*)
                0x00000054                . = ALIGN (0x2)
 *(.jumptables)
 *(.jumptables*)
 *(.lowtext)
 *(.lowtext*)
                0x00000054                __ctors_start = .
 *(.ctors)
                0x00000054                __ctors_end = .
                0x00000054                __dtors_start = .
 *(.dtors)
                0x00000054                __dtors_end = .
 SORT(*)(.ctors)
 SORT(*)(.dtors)
 *(.init0)
 .init0         0x00000054        0x0 C:/Program Files (x86)/Atmel/Studio/7.0/Packs/atmel/ATmega_DFP/1.0.90/gcc/dev/atmega16/avr5/crtatmega16.o
                0x00000054                __init
 *(.init0)
 *(.init1)
 *(.init1)
 *(.init2)
 .init2         0x00000054        0xc C:/Program Files (x86)/Atmel/Studio/7.0/Packs/atmel/ATmega_DFP/1.0.90/gcc/dev/atmega16/avr5/crtatmega16.o
 *(.init2)
 *(.init3)
 *(.init3)
 *(.init4)
 .init4         0x00000060       0x16 c:/program files (x86)/atmel/studio/7.0/toolchain/avr8/avr8-gnu-toolchain/bin/../lib/gcc/avr/4.9.2/avr5\libgcc.a(_copy_data.o)
                0x00000060                __do_copy_data
 .init4         0x00000076       0x10 c:/program files (x86)/atmel/studio/7.0/toolchain/avr8/avr8-gnu-toolchain/bin/../lib/gcc/avr/4.9.2/avr5\libgcc.a(_clear_bss.o)
                0x00000076                __do_clear_bss
 *(.init4)
 *(.init5)
 *(.init5)
 *(.init6)
 *(.init6)
 *(.init7)
 *(.init7)
 *(.init8)
 *(.init8)
 *(.init9)
 .init9         0x00000086        0x8 C:/Program Files (x86)/Atmel/Studio/7.0/Packs/atmel/ATmega_DFP/1.0.90/gcc/dev/atmega16/avr5/crtatmega16.o
 *(.init9)
 *(.text)
 .text          0x0000008e        0x4 C:/Program Files (x86)/Atmel/Studio/7.0/Packs/atmel/ATmega_DFP/1.0.90/gcc/dev/atmega16/avr5/crtatmega16.o
                0x0000008e                __vector_1
                0x0000008e                __vector_12
                0x0000008e                __bad_interrupt
                0x0000008e                __vector_6
                0x0000008e                __vector_3
                0x0000008e                __vector_11
                0x0000008e                __vector_13
                0x0000008e                __vector_17
                0x0000008e                __vector_19
                0x0000008e                __vector_7
                0x0000008e                __vector_5
                0x0000008e                __vector_4
                0x0000008e                __vector_9
                0x0000008e                __vector_2
                0x0000008e                __vector_15
                0x0000008e                __vector_8
                0x0000008e                __vector_14
                0x0000008e                __vector_10
                0x0000008e                __vector_16
                0x0000008e                __vector_18
                0x0000008e                __vector_20
                0x00000092                . = ALIGN (0x2)
 *(.text.*)
 .text.main     0x00000092        0xa NewProjekt.o
                0x00000092                main
                0x0000009c                . = ALIGN (0x2)
 *(.fini9)
 .fini9         0x0000009c        0x0 c:/program files (x86)/atmel/studio/7.0/toolchain/avr8/avr8-gnu-toolchain/bin/../lib/gcc/avr/4.9.2/avr5\libgcc.a(_exit.o)
                0x0000009c                _exit
                0x0000009c                exit
 *(.fini9)
 *(.fini8)
 *(.fini8)
 *(.fini7)
 *(.fini7)
 *(.fini6)
 *(.fini6)
 *(.fini5)
 *(.fini5)
 *(.fini4)
 *(.fini4)
 *(.fini3)
 *(.fini3)
 *(.fini2)
 *(.fini2)
 *(.fini1)
 *(.fini1)
 *(.fini0)
 .fini0         0x0000009c        0x4 c:/program files (x86)/atmel/studio/7.0/toolchain/avr8/avr8-gnu-toolchain/bin/../lib/gcc/avr/4.9.2/avr5\libgcc.a(_exit.o)
 *(.fini0)
                0x000000a0                _etext = .

.data           0x00800060        0x0 load address 0x000000a0
                0x00800060                PROVIDE (__data_start, .)
 *(.data)
 *(.data*)
 *(.rodata)
 *(.rodata*)
 *(.gnu.linkonce.d*)
                0x00800060                . = ALIGN (0x2)
                0x00800060                _edata = .
                0x00800060                PROVIDE (__data_end, .)

.bss            0x00800060        0x0
                0x00800060                PROVIDE (__bss_start, .)
 *(.bss)
 *(.bss*)
 *(COMMON)
                0x00800060                PROVIDE (__bss_end, .)
                0x000000a0                __data_load_start = LOADADDR (.data)
                0x000000a0                __data_load_end = (__data_load_start + SIZEOF (.data))

.noinit         0x00800060        0x0
                0x00800060                PROVIDE (__noinit_start, .)
 *(.noinit*)
                0x00800060                PROVIDE (__noinit_end, .)
                0x00800060                _end = .
                0x00800060                PROVIDE (__heap_start, .)

.eeprom         0x00810000        0x0
 *(.eeprom*)
                0x00810000                __eeprom_end = .

.fuse
 *(.fuse)
 *(.lfuse)
 *(.hfuse)
 *(.efuse)

.lock
 *(.lock*)

.signature
 *(.signature*)

.user_signatures
 *(.user_signatures*)

.stab
 *(.stab)

.stabstr
 *(.stabstr)

.stab.excl
 *(.stab.excl)

.stab.exclstr
 *(.stab.exclstr)

.stab.index
 *(.stab.index)

.stab.indexstr
 *(.stab.indexstr)

.comment        0x00000000       0x30
 *(.comment)
 .comment       0x00000000       0x30 NewProjekt.o
                                 0x31 (size before relaxing)

.note.gnu.avr.deviceinfo
                0x00000000       0x3c
 .note.gnu.avr.deviceinfo
                0x00000000       0x3c C:/Program Files (x86)/Atmel/Studio/7.0/Packs/atmel/ATmega_DFP/1.0.90/gcc/dev/atmega16/avr5/crtatmega16.o

.note.gnu.build-id
 *(.note.gnu.build-id)

.debug
 *(.debug)

.line
 *(.line)

.debug_srcinfo
 *(.debug_srcinfo)

.debug_sfnames
 *(.debug_sfnames)

.debug_aranges  0x00000000       0x28
 *(.debug_aranges)
 .debug_aranges
                0x00000000       0x28 NewProjekt.o

.debug_pubnames
 *(.debug_pubnames)

.debug_info     0x00000000      0x169
 *(.debug_info .gnu.linkonce.wi.*)
 .debug_info    0x00000000      0x169 NewProjekt.o

.debug_abbrev   0x00000000       0x84
 *(.debug_abbrev)
 .debug_abbrev  0x00000000       0x84 NewProjekt.o

.debug_line     0x00000000      0x330
 *(.debug_line .debug_line.* .debug_line_end)
 .debug_line    0x00000000      0x330 NewProjekt.o

.debug_frame    0x00000000       0x54
 *(.debug_frame)
 .debug_frame   0x00000000       0x54 NewProjekt.o

.debug_str      0x00000000     0x66ee
 *(.debug_str)
 .debug_str     0x00000000     0x66ee NewProjekt.o
                               0x67e8 (size before relaxing)

.debug_loc      0x00000000       0x76
 *(.debug_loc)
 .debug_loc     0x00000000       0x76 NewProjekt.o

.debug_macinfo
 *(.debug_macinfo)

.debug_weaknames
 *(.debug_weaknames)

.debug_funcnames
 *(.debug_funcnames)

.debug_typenames
 *(.debug_typenames)

.debug_varnames
 *(.debug_varnames)

.debug_pubtypes
 *(.debug_pubtypes)

.debug_ranges   0x00000000       0x18
 *(.debug_ranges)
 .debug_ranges  0x00000000       0x18 NewProjekt.o

.debug_macro    0x00000000      0x26b
 *(.debug_macro)
 .debug_macro   0x00000000       0xf5 NewProjekt.o
 .debug_macro   0x000000f5       0x10 NewProjekt.o
 .debug_macro   0x00000105      0x166 NewProjekt.o
OUTPUT(NewProjekt.elf elf32-avr)
LOAD linker stubs
