Archive member included to satisfy reference by file (symbol)

c:/program files (x86)/atmel/studio/7.0/toolchain/avr8/avr8-gnu-toolchain/bin/../lib/gcc/avr/4.9.2/avr5\libgcc.a(_exit.o)
                              C:/Program Files (x86)/Atmel/Studio/7.0/Packs/atmel/ATmega_DFP/1.0.90/gcc/dev/atmega32/avr5/crtatmega32.o (exit)
c:/program files (x86)/atmel/studio/7.0/toolchain/avr8/avr8-gnu-toolchain/bin/../lib/gcc/avr/4.9.2/avr5\libgcc.a(_tablejump2.o)
                              Register/Timer/Timer16/Tccr16.o (__tablejump2__)
c:/program files (x86)/atmel/studio/7.0/toolchain/avr8/avr8-gnu-toolchain/bin/../lib/gcc/avr/4.9.2/avr5\libgcc.a(_copy_data.o)
                              Periphery/Com/Uart/Uart.o (__do_copy_data)

Discarded input sections

 .data          0x00000000        0x0 C:/Program Files (x86)/Atmel/Studio/7.0/Packs/atmel/ATmega_DFP/1.0.90/gcc/dev/atmega32/avr5/crtatmega32.o
 .bss           0x00000000        0x0 C:/Program Files (x86)/Atmel/Studio/7.0/Packs/atmel/ATmega_DFP/1.0.90/gcc/dev/atmega32/avr5/crtatmega32.o
 .text          0x00000000        0x0 Application/Os/Os.o
 .data          0x00000000        0x0 Application/Os/Os.o
 .bss           0x00000000        0x0 Application/Os/Os.o
 .text._ZN2OsD2Ev
                0x00000000        0x2 Application/Os/Os.o
 .text._ZN2Os10addNewTaskEPhj
                0x00000000       0x3a Application/Os/Os.o
 .text._ZN2Os10deleteTaskEh
                0x00000000       0x50 Application/Os/Os.o
 .text._ZN2Os10addNewTaskEhPhj
                0x00000000       0x5a Application/Os/Os.o
 .text._ZN2Os7startOsEv
                0x00000000       0x18 Application/Os/Os.o
 .text._ZN2Os3runEv
                0x00000000       0x3a Application/Os/Os.o
 .text._ZN2Os9pauseTaskEh
                0x00000000       0x28 Application/Os/Os.o
 .text._ZN2Os12continueTaskEh
                0x00000000       0x2a Application/Os/Os.o
 .text          0x00000000        0x0 main.o
 .data          0x00000000        0x0 main.o
 .bss           0x00000000        0x0 main.o
 .group         0x00000000        0x8 Periphery/Com/Uart/Uart.o
 .group         0x00000000        0x8 Periphery/Com/Uart/Uart.o
 .group         0x00000000        0x8 Periphery/Com/Uart/Uart.o
 .group         0x00000000        0x8 Periphery/Com/Uart/Uart.o
 .group         0x00000000        0x8 Periphery/Com/Uart/Uart.o
 .group         0x00000000        0x8 Periphery/Com/Uart/Uart.o
 .group         0x00000000        0x8 Periphery/Com/Uart/Uart.o
 .group         0x00000000        0x8 Periphery/Com/Uart/Uart.o
 .group         0x00000000        0x8 Periphery/Com/Uart/Uart.o
 .group         0x00000000        0x8 Periphery/Com/Uart/Uart.o
 .group         0x00000000        0x8 Periphery/Com/Uart/Uart.o
 .group         0x00000000        0x8 Periphery/Com/Uart/Uart.o
 .group         0x00000000        0x8 Periphery/Com/Uart/Uart.o
 .group         0x00000000        0x8 Periphery/Com/Uart/Uart.o
 .group         0x00000000        0x8 Periphery/Com/Uart/Uart.o
 .group         0x00000000        0x8 Periphery/Com/Uart/Uart.o
 .group         0x00000000        0x8 Periphery/Com/Uart/Uart.o
 .group         0x00000000        0x8 Periphery/Com/Uart/Uart.o
 .group         0x00000000        0x8 Periphery/Com/Uart/Uart.o
 .group         0x00000000        0x8 Periphery/Com/Uart/Uart.o
 .group         0x00000000        0x8 Periphery/Com/Uart/Uart.o
 .group         0x00000000        0x8 Periphery/Com/Uart/Uart.o
 .group         0x00000000        0x8 Periphery/Com/Uart/Uart.o
 .group         0x00000000        0x8 Periphery/Com/Uart/Uart.o
 .group         0x00000000        0x8 Periphery/Com/Uart/Uart.o
 .group         0x00000000        0x8 Periphery/Com/Uart/Uart.o
 .group         0x00000000        0x8 Periphery/Com/Uart/Uart.o
 .text          0x00000000        0x0 Periphery/Com/Uart/Uart.o
 .data          0x00000000        0x0 Periphery/Com/Uart/Uart.o
 .bss           0x00000000        0x0 Periphery/Com/Uart/Uart.o
 .text._ZN5RegIf6setBitEN9BaseTypes6Bits_eE
                0x00000000        0x2 Periphery/Com/Uart/Uart.o
 .text._ZN5RegIf6setBitEj
                0x00000000        0x2 Periphery/Com/Uart/Uart.o
 .text._ZN5RegIf7setBitsEh
                0x00000000        0x2 Periphery/Com/Uart/Uart.o
 .text._ZN5RegIf8resetBitEN9BaseTypes6Bits_eE
                0x00000000        0x2 Periphery/Com/Uart/Uart.o
 .text._ZN5RegIf8resetBitEj
                0x00000000        0x2 Periphery/Com/Uart/Uart.o
 .text._ZN5RegIf9resetBitsEh
                0x00000000        0x2 Periphery/Com/Uart/Uart.o
 .text._ZN5RegIf7getBitsEh
                0x00000000        0x4 Periphery/Com/Uart/Uart.o
 .text._ZN5RegIf6getBitEh
                0x00000000        0x4 Periphery/Com/Uart/Uart.o
 .text._ZN5RegIf6getBitEN9BaseTypes6Bits_eE
                0x00000000        0x4 Periphery/Com/Uart/Uart.o
 .text._ZN5RegIf8getValueEv
                0x00000000        0x6 Periphery/Com/Uart/Uart.o
 .text._ZN4UartC2EP12UartConfig_t
[...]
Memory Configuration

Name             Origin             Length             Attributes
text             0x00000000         0x00020000         xr
data             0x00800060         0x0000ffa0         rw !x
eeprom           0x00810000         0x00010000         rw !x
fuse             0x00820000         0x00000400         rw !x
lock             0x00830000         0x00000400         rw !x
signature        0x00840000         0x00000400         rw !x
user_signatures  0x00850000         0x00000400         rw !x
*default*        0x00000000         0xffffffff

Linker script and memory map

LOAD C:/Program Files (x86)/Atmel/Studio/7.0/Packs/atmel/ATmega_DFP/1.0.90/gcc/dev/atmega32/avr5/crtatmega32.o
LOAD Application/Os/Os.o
LOAD main.o
LOAD Periphery/Com/Uart/Uart.o
LOAD Periphery/Io/Io.o
LOAD Periphery/Pwm/Pwm16/Pwm16.o
LOAD Periphery/Pwm/Pwm8/Pwm8.o
LOAD Periphery/Timer/Timer16/Timer16.o
LOAD Periphery/Timer/Timer8/Timer8.o
LOAD Register/General/Tifr.o
LOAD Register/General/Timsk.o
LOAD Register/Port/Ddr.o
LOAD Register/Port/Pin.o
LOAD Register/Port/Port.o
LOAD Register/Timer/Timer16/Icr16.o
LOAD Register/Timer/Timer16/Ocr16.o
LOAD Register/Timer/Timer16/Tccr16.o
LOAD Register/Timer/Timer16/Tccr/TccrA.o
LOAD Register/Timer/Timer16/Tccr/TccrB.o
LOAD Register/Timer/Timer16/Tcnt16.o
LOAD Register/Timer/Timer8/Ocr8.o
LOAD Register/Timer/Timer8/Tcnt8.o
LOAD Register/Timer/Timer8/Tccr8.o
LOAD Register/Uart/Ubrr.o
LOAD Register/Uart/Ucsra.o
LOAD Register/Uart/Ucsrb.o
LOAD Register/Uart/Ucsrc.o
LOAD Register/Uart/Udr.o
LOAD Types/AVRConfig.o
START GROUP
LOAD c:/program files (x86)/atmel/studio/7.0/toolchain/avr8/avr8-gnu-toolchain/bin/../lib/gcc/avr/4.9.2/../../../../avr/lib/avr5\libm.a
END GROUP
LOAD c:/program files (x86)/atmel/studio/7.0/toolchain/avr8/avr8-gnu-toolchain/bin/../lib/gcc/avr/4.9.2/avr5\libgcc.a
LOAD c:/program files (x86)/atmel/studio/7.0/toolchain/avr8/avr8-gnu-toolchain/bin/../lib/gcc/avr/4.9.2/../../../../avr/lib/avr5\libm.a
START GROUP
LOAD c:/program files (x86)/atmel/studio/7.0/toolchain/avr8/avr8-gnu-toolchain/bin/../lib/gcc/avr/4.9.2/avr5\libgcc.a
LOAD c:/program files (x86)/atmel/studio/7.0/toolchain/avr8/avr8-gnu-toolchain/bin/../lib/gcc/avr/4.9.2/../../../../avr/lib/avr5\libm.a
LOAD c:/program files (x86)/atmel/studio/7.0/toolchain/avr8/avr8-gnu-toolchain/bin/../lib/gcc/avr/4.9.2/../../../../avr/lib/avr5\libc.a
LOAD C:/Program Files (x86)/Atmel/Studio/7.0/Packs/atmel/ATmega_DFP/1.0.90/gcc/dev/atmega32/avr5\libatmega32.a
END GROUP

.hash
 *(.hash)

.dynsym
 *(.dynsym)

.dynstr
 *(.dynstr)

.gnu.version
 *(.gnu.version)

.gnu.version_d
 *(.gnu.version_d)

.gnu.version_r
 *(.gnu.version_r)

.rel.init
 *(.rel.init)

.rela.init
 *(.rela.init)

.rel.text
 *(.rel.text)
 *(.rel.text.*)
 *(.rel.gnu.linkonce.t*)

.rela.text
 *(.rela.text)
 *(.rela.text.*)
 *(.rela.gnu.linkonce.t*)

.rel.fini
 *(.rel.fini)

.rela.fini
 *(.rela.fini)

.rel.rodata
 *(.rel.rodata)
 *(.rel.rodata.*)
 *(.rel.gnu.linkonce.r*)

.rela.rodata
 *(.rela.rodata)
 *(.rela.rodata.*)
 *(.rela.gnu.linkonce.r*)

.rel.data
 *(.rel.data)
 *(.rel.data.*)
 *(.rel.gnu.linkonce.d*)

.rela.data
 *(.rela.data)
 *(.rela.data.*)
 *(.rela.gnu.linkonce.d*)

.rel.ctors
 *(.rel.ctors)

.rela.ctors
 *(.rela.ctors)

.rel.dtors
 *(.rel.dtors)

.rela.dtors
 *(.rela.dtors)

.rel.got
 *(.rel.got)

.rela.got
 *(.rela.got)

.rel.bss
 *(.rel.bss)

.rela.bss
 *(.rela.bss)

.rel.plt
 *(.rel.plt)

.rela.plt
 *(.rela.plt)

.text           0x00000000      0x602
 *(.vectors)
 .vectors       0x00000000       0x54 C:/Program Files (x86)/Atmel/Studio/7.0/Packs/atmel/ATmega_DFP/1.0.90/gcc/dev/atmega32/avr5/crtatmega32.o
                0x00000000                __vector_default
                0x00000000                __vectors
 *(.vectors)
 *(.progmem.gcc*)
 .progmem.gcc_sw_table._ZN6Tccr1611toggleTimerEN9BaseTypes8Toggle_eE
                0x00000054       0x12 Register/Timer/Timer16/Tccr16.o
                0x00000066                . = ALIGN (0x2)
                0x00000066                __trampolines_start = .
 *(.trampolines)
 .trampolines   0x00000066        0x0 linker stubs
 *(.trampolines*)
                0x00000066                __trampolines_end = .
 *(.progmem*)
                0x00000066                . = ALIGN (0x2)
 *(.jumptables)
 *(.jumptables*)
 *(.lowtext)
 *(.lowtext*)
                0x00000066                __ctors_start = .
 *(.ctors)
                0x00000066                __ctors_end = .
                0x00000066                __dtors_start = .
 *(.dtors)
                0x00000066                __dtors_end = .
 SORT(*)(.ctors)
 SORT(*)(.dtors)
 *(.init0)
 .init0         0x00000066        0x0 C:/Program Files (x86)/Atmel/Studio/7.0/Packs/atmel/ATmega_DFP/1.0.90/gcc/dev/atmega32/avr5/crtatmega32.o
                0x00000066                __init
 *(.init0)
 *(.init1)
 *(.init1)
 *(.init2)
 .init2         0x00000066        0xc C:/Program Files (x86)/Atmel/Studio/7.0/Packs/atmel/ATmega_DFP/1.0.90/gcc/dev/atmega32/avr5/crtatmega32.o
 *(.init2)
 *(.init3)
 *(.init3)
 *(.init4)
 .init4         0x00000072       0x16 c:/program files (x86)/atmel/studio/7.0/toolchain/avr8/avr8-gnu-toolchain/bin/../lib/gcc/avr/4.9.2/avr5\libgcc.a(_copy_data.o)
                0x00000072                __do_copy_data
 *(.init4)
 *(.init5)
 *(.init5)
 *(.init6)
 *(.init6)
 *(.init7)
 *(.init7)
 *(.init8)
 *(.init8)
 *(.init9)
 .init9         0x00000088        0x8 C:/Program Files (x86)/Atmel/Studio/7.0/Packs/atmel/ATmega_DFP/1.0.90/gcc/dev/atmega32/avr5/crtatmega32.o
 *(.init9)
 *(.text)
 .text          0x00000090        0x4 C:/Program Files (x86)/Atmel/Studio/7.0/Packs/atmel/ATmega_DFP/1.0.90/gcc/dev/atmega32/avr5/crtatmega32.o
                0x00000090                __vector_1
                0x00000090                __vector_12
                0x00000090                __bad_interrupt
                0x00000090                __vector_6
                0x00000090                __vector_3
                0x00000090                __vector_11
                0x00000090                __vector_13
                0x00000090                __vector_17
                0x00000090                __vector_19
                0x00000090                __vector_7
                0x00000090                __vector_5
                0x00000090                __vector_4
                0x00000090                __vector_9
                0x00000090                __vector_2
                0x00000090                __vector_15
                0x00000090                __vector_8
                0x00000090                __vector_14
                0x00000090                __vector_10
                0x00000090                __vector_16
                0x00000090                __vector_18
                0x00000090                __vector_20
                0x00000094                . = ALIGN (0x2)
 *(.text.*)
 .text._ZN2OsC2Ev
                0x00000094        0xa Application/Os/Os.o
                0x00000094                _ZN2OsC1Ev
                0x00000094                _ZN2OsC2Ev
 .text._ZN2Os10setOsTimerEP7TimerIf
                0x0000009e       0x16 Application/Os/Os.o
                0x0000009e                _ZN2Os10setOsTimerEP7TimerIf
 .text.main     0x000000b4       0x34 main.o
                0x000000b4                main
 .text._ZN5RegIf11setRegisterEPVh
                0x000000e8        0x2 Periphery/Com/Uart/Uart.o
                0x000000e8                _ZN5RegIf11setRegisterEPVh
 .text._ZN5RegIf8setValueEh
                0x000000ea        0x2 Periphery/Com/Uart/Uart.o
                0x000000ea                _ZN5RegIf8setValueEh
 .text._ZN5RegIf11getRegisterEPN9BaseTypes14Bit8Register_tE
                0x000000ec        0x2 Periphery/Com/Uart/Uart.o
                0x000000ec                _ZN5RegIf11getRegisterEPN9BaseTypes14Bit8Register_tE
 .text._ZN6RegIf811setRegisterEPVh
                0x000000ee        0x8 Periphery/Com/Uart/Uart.o
                0x000000ee                _ZN6RegIf811setRegisterEPVh
 .text._ZN6RegIf811getRegisterEPN9BaseTypes14Bit8Register_tE
                0x000000f6        0x2 Periphery/Com/Uart/Uart.o
                0x000000f6                _ZN6RegIf811getRegisterEPN9BaseTypes14Bit8Register_tE
 .text._ZN6RegIf87setBitsEh
                0x000000f8       0x12 Periphery/Com/Uart/Uart.o
                0x000000f8                _ZN6RegIf87setBitsEh
 .text._ZN6RegIf89resetBitsEh
                0x0000010a       0x14 Periphery/Com/Uart/Uart.o
                0x0000010a                _ZN6RegIf89resetBitsEh
 .text._ZN6RegIf86getBitEN9BaseTypes6Bits_eE
                0x0000011e       0x24 Periphery/Com/Uart/Uart.o
                0x0000011e                _ZN6RegIf86getBitEN9BaseTypes6Bits_eE
 .text._ZN6RegIf86getBitEh
                0x00000142       0x24 Periphery/Com/Uart/Uart.o
                0x00000142                _ZN6RegIf86getBitEh
 .text._ZN6RegIf86setBitEN9BaseTypes6Bits_eE
                0x00000166       0x20 Periphery/Com/Uart/Uart.o
                0x00000166                _ZN6RegIf86setBitEN9BaseTypes6Bits_eE
 .text._ZN6RegIf86setBitEj
                0x00000186       0x20 Periphery/Com/Uart/Uart.o
                0x00000186                _ZN6RegIf86setBitEj
 .text._ZN6RegIf88setValueEh
                0x000001a6        0xe Periphery/Com/Uart/Uart.o
                0x000001a6                _ZN6RegIf88setValueEh
 .text._ZN6RegIf88resetBitEN9BaseTypes6Bits_eE
                0x000001b4       0x22 Periphery/Com/Uart/Uart.o
                0x000001b4                _ZN6RegIf88resetBitEN9BaseTypes6Bits_eE
 .text._ZN6RegIf88resetBitEj
                0x000001d6       0x22 Periphery/Com/Uart/Uart.o
                0x000001d6                _ZN6RegIf88resetBitEj
 .text._ZN6RegIf87getBitsEh
                0x000001f8       0x10 Periphery/Com/Uart/Uart.o
                0x000001f8                _ZN6RegIf87getBitsEh
 .text._ZN6RegIf88getValueEv
                0x00000208       0x10 Periphery/Com/Uart/Uart.o
                0x00000208                _ZN6RegIf88getValueEv
 .text._ZN7TimerIf9setConfigEP14Timer8Config_t
                0x00000218        0x8 Periphery/Timer/Timer16/Timer16.o
                0x00000218                _ZN7TimerIf9setConfigEP14Timer8Config_t
 .text._ZN7TimerIf16setOutputCompareEh
                0x00000220        0x2 Periphery/Timer/Timer16/Timer16.o
                0x00000220                _ZN7TimerIf16setOutputCompareEh
 .text._ZN7TimerIf16getOutputCompareEv
                0x00000222        0x6 Periphery/Timer/Timer16/Timer16.o
                0x00000222                _ZN7TimerIf16getOutputCompareEv
 .text._ZN7TimerIf11hasOverflowEv
                0x00000228        0x4 Periphery/Timer/Timer16/Timer16.o
                0x00000228                _ZN7TimerIf11hasOverflowEv
 .text._ZN7Timer1612setTimerModeEN6TccrIf11TimerMode_eE
                0x0000022c       0x10 Periphery/Timer/Timer16/Timer16.o
                0x0000022c                _ZN7Timer1612setTimerModeEN6TccrIf11TimerMode_eE
 .text._ZN7Timer1612setPreScalerEN6TccrIf11Prescaler_eE
                0x0000023c        0x6 Periphery/Timer/Timer16/Timer16.o
                0x0000023c                _ZN7Timer1612setPreScalerEN6TccrIf11Prescaler_eE
 .text._ZN7Timer1612getPrescalerEv
                0x00000242        0x6 Periphery/Timer/Timer16/Timer16.o
                0x00000242                _ZN7Timer1612getPrescalerEv
 .text._ZN7Timer1613setOutputModeEN6TccrIf12OutputMode_eE
                0x00000248        0x8 Periphery/Timer/Timer16/Timer16.o
                0x00000248                _ZN7Timer1613setOutputModeEN6TccrIf12OutputMode_eE
 .text._ZN7Timer16C2Ev
                0x00000250       0x4c Periphery/Timer/Timer16/Timer16.o
                0x00000250                _ZN7Timer16C2Ev
                0x00000250                _ZN7Timer16C1Ev
 .text._ZN7Timer16D2Ev
                0x0000029c       0x4c Periphery/Timer/Timer16/Timer16.o
                0x0000029c                _ZN7Timer16D1Ev
                0x0000029c                _ZN7Timer16D2Ev
 .text._ZN7Timer16D0Ev
                0x000002e8       0x16 Periphery/Timer/Timer16/Timer16.o
                0x000002e8                _ZN7Timer16D0Ev
 .text._ZN7Timer1611toggleTimerEN9BaseTypes8Toggle_eE
                0x000002fe        0x8 Periphery/Timer/Timer16/Timer16.o
                0x000002fe                _ZN7Timer1611toggleTimerEN9BaseTypes8Toggle_eE
 .text._ZN7Timer167getTimeEv
                0x00000306        0x8 Periphery/Timer/Timer16/Timer16.o
                0x00000306                _ZN7Timer167getTimeEv
 .text._ZN4TifrC2Ev
                0x0000030e        0xc Register/General/Tifr.o
                0x0000030e                _ZN4TifrC2Ev
                0x0000030e                _ZN4TifrC1Ev
 .text._ZN4TifrD2Ev
                0x0000031a        0x2 Register/General/Tifr.o
                0x0000031a                _ZN4TifrD1Ev
                0x0000031a                _ZN4TifrD2Ev
 .text._ZN5TimskC2Ev
                0x0000031c        0xc Register/General/Timsk.o
                0x0000031c                _ZN5TimskC2Ev
                0x0000031c                _ZN5TimskC1Ev
 .text._ZN5TimskD2Ev
                0x00000328        0x2 Register/General/Timsk.o
                0x00000328                _ZN5TimskD2Ev
                0x00000328                _ZN5TimskD1Ev
 .text._ZN7RegIf168getValueEv
                0x0000032a       0x10 Register/Timer/Timer16/Icr16.o
                0x0000032a                _ZN7RegIf168getValueEv
 .text._ZN7RegIf166setBitEN9BaseTypes6Bits_eE
                0x0000033a       0x26 Register/Timer/Timer16/Icr16.o
                0x0000033a                _ZN7RegIf166setBitEN9BaseTypes6Bits_eE
 .text._ZN7RegIf166setBitEj
                0x00000360       0x26 Register/Timer/Timer16/Icr16.o
                0x00000360                _ZN7RegIf166setBitEj
 .text._ZN7RegIf167setBitsEh
                0x00000386       0x16 Register/Timer/Timer16/Icr16.o
                0x00000386                _ZN7RegIf167setBitsEh
 .text._ZN7RegIf168resetBitEN9BaseTypes6Bits_eE
                0x0000039c       0x2a Register/Timer/Timer16/Icr16.o
                0x0000039c                _ZN7RegIf168resetBitEN9BaseTypes6Bits_eE
 .text._ZN7RegIf168resetBitEj
                0x000003c6       0x2a Register/Timer/Timer16/Icr16.o
                0x000003c6                _ZN7RegIf168resetBitEj
 .text._ZN7RegIf169resetBitsEh
                0x000003f0       0x1e Register/Timer/Timer16/Icr16.o
                0x000003f0                _ZN7RegIf169resetBitsEh
 .text._ZN7RegIf167getBitsEh
                0x0000040e       0x12 Register/Timer/Timer16/Icr16.o
                0x0000040e                _ZN7RegIf167getBitsEh
 .text._ZN7RegIf166getBitEN9BaseTypes6Bits_eE
                0x00000420       0x24 Register/Timer/Timer16/Icr16.o
                0x00000420                _ZN7RegIf166getBitEN9BaseTypes6Bits_eE
 .text._ZN7RegIf166getBitEh
                0x00000444       0x24 Register/Timer/Timer16/Icr16.o
                0x00000444                _ZN7RegIf166getBitEh
 .text._ZN5Icr16C2Ev
                0x00000468        0xc Register/Timer/Timer16/Icr16.o
                0x00000468                _ZN5Icr16C1Ev
                0x00000468                _ZN5Icr16C2Ev
 .text._ZN5Icr16D2Ev
                0x00000474        0x2 Register/Timer/Timer16/Icr16.o
                0x00000474                _ZN5Icr16D1Ev
                0x00000474                _ZN5Icr16D2Ev
 .text._ZN5OcrIf16setOutputCompareEh
                0x00000476        0x2 Register/Timer/Timer16/Ocr16.o
                0x00000476                _ZN5OcrIf16setOutputCompareEh
 .text._ZN5Ocr16D2Ev
                0x00000478        0x2 Register/Timer/Timer16/Ocr16.o
                0x00000478                _ZN5Ocr16D1Ev
                0x00000478                _ZN5Ocr16D2Ev
 .text._ZN5Ocr1616getOutputCompareEv
                0x0000047a       0x16 Register/Timer/Timer16/Ocr16.o
                0x0000047a                _ZN5Ocr1616getOutputCompareEv
 .text._ZN5Ocr1620setOutputCompareTimeEh
                0x00000490        0x2 Register/Timer/Timer16/Ocr16.o
                0x00000490                _ZN5Ocr1620setOutputCompareTimeEh
 .text._ZN5Ocr1620getOutputCompareTimeEv
                0x00000492        0x2 Register/Timer/Timer16/Ocr16.o
                0x00000492                _ZN5Ocr1620getOutputCompareTimeEv
 .text._ZN5Ocr16D0Ev
                0x00000494        0x6 Register/Timer/Timer16/Ocr16.o
                0x00000494                _ZN5Ocr16D0Ev
 .text._ZN5Ocr16C2Ev
                0x0000049a       0x14 Register/Timer/Timer16/Ocr16.o
                0x0000049a                _ZN5Ocr16C2Ev
                0x0000049a                _ZN5Ocr16C1Ev
 .text._ZN6TccrIf7setTypeE11TimerType_t
                0x000004ae        0x6 Register/Timer/Timer16/Tccr16.o
                0x000004ae                _ZN6TccrIf7setTypeE11TimerType_t
 .text._ZN6TccrIf7getTypeEv
                0x000004b4        0x6 Register/Timer/Timer16/Tccr16.o
                0x000004b4                _ZN6TccrIf7getTypeEv
 .text._ZN6TccrIf12setPreScalerENS_11Prescaler_eE
                0x000004ba        0x6 Register/Timer/Timer16/Tccr16.o
                0x000004ba                _ZN6TccrIf12setPreScalerENS_11Prescaler_eE
 .text._ZN6TccrIf12getPreScalerEv
                0x000004c0        0x6 Register/Timer/Timer16/Tccr16.o
                0x000004c0                _ZN6TccrIf12getPreScalerEv
 .text._ZN6TccrIf12setTimerModeENS_11TimerMode_eE
                0x000004c6        0x4 Register/Timer/Timer16/Tccr16.o
                0x000004c6                _ZN6TccrIf12setTimerModeENS_11TimerMode_eE
 .text._ZN6TccrIf10outputModeENS_12OutputMode_eE
                0x000004ca        0x2 Register/Timer/Timer16/Tccr16.o
                0x000004ca                _ZN6TccrIf10outputModeENS_12OutputMode_eE
 .text._ZN6Tccr1611toggleTimerEN9BaseTypes8Toggle_eE
                0x000004cc       0x6a Register/Timer/Timer16/Tccr16.o
                0x000004cc                _ZN6Tccr1611toggleTimerEN9BaseTypes8Toggle_eE
 .text._ZN6Tccr16D2Ev
                0x00000536       0x24 Register/Timer/Timer16/Tccr16.o
                0x00000536                _ZN6Tccr16D2Ev
                0x00000536                _ZN6Tccr16D1Ev
 .text._ZN6Tccr16D0Ev
                0x0000055a       0x16 Register/Timer/Timer16/Tccr16.o
                0x0000055a                _ZN6Tccr16D0Ev
 .text._ZN6Tccr16C2Ev
                0x00000570       0x24 Register/Timer/Timer16/Tccr16.o
                0x00000570                _ZN6Tccr16C1Ev
                0x00000570                _ZN6Tccr16C2Ev
 .text._ZN6Tccr1613setOutputModeEN6TccrIf12OutputMode_eE
                0x00000594        0x2 Register/Timer/Timer16/Tccr16.o
                0x00000594                _ZN6Tccr1613setOutputModeEN6TccrIf12OutputMode_eE
 .text._ZN5TccrAC2Ev
                0x00000596        0xc Register/Timer/Timer16/Tccr/TccrA.o
                0x00000596                _ZN5TccrAC1Ev
                0x00000596                _ZN5TccrAC2Ev
 .text._ZN5TccrAD2Ev
                0x000005a2        0x2 Register/Timer/Timer16/Tccr/TccrA.o
                0x000005a2                _ZN5TccrAD1Ev
                0x000005a2                _ZN5TccrAD2Ev
 .text._ZN5TccrBC2Ev
                0x000005a4        0xc Register/Timer/Timer16/Tccr/TccrB.o
                0x000005a4                _ZN5TccrBC2Ev
                0x000005a4                _ZN5TccrBC1Ev
 .text._ZN5TccrBD2Ev
                0x000005b0        0x2 Register/Timer/Timer16/Tccr/TccrB.o
                0x000005b0                _ZN5TccrBD2Ev
                0x000005b0                _ZN5TccrBD1Ev
 .text._ZN6Tcnt16D2Ev
                0x000005b2        0x2 Register/Timer/Timer16/Tcnt16.o
                0x000005b2                _ZN6Tcnt16D2Ev
                0x000005b2                _ZN6Tcnt16D1Ev
 .text._ZThn4_N6Tcnt16D1Ev
                0x000005b4        0x2 Register/Timer/Timer16/Tcnt16.o
                0x000005b4                _ZThn4_N6Tcnt16D1Ev
 .text._ZN6Tcnt167getTimeEv
                0x000005b6       0x10 Register/Timer/Timer16/Tcnt16.o
                0x000005b6                _ZN6Tcnt167getTimeEv
 .text._ZThn4_N6Tcnt167getTimeEv
                0x000005c6        0x8 Register/Timer/Timer16/Tcnt16.o
                0x000005c6                _ZThn4_N6Tcnt167getTimeEv
 .text._ZN6Tcnt16D0Ev
                0x000005ce        0x6 Register/Timer/Timer16/Tcnt16.o
                0x000005ce                _ZN6Tcnt16D0Ev
 .text._ZThn4_N6Tcnt16D0Ev
                0x000005d4        0x8 Register/Timer/Timer16/Tcnt16.o
                0x000005d4                _ZThn4_N6Tcnt16D0Ev
 .text._ZN6Tcnt16C2Ev
                0x000005dc       0x14 Register/Timer/Timer16/Tcnt16.o
                0x000005dc                _ZN6Tcnt16C1Ev
                0x000005dc                _ZN6Tcnt16C2Ev
 .text._ZdlPv   0x000005f0        0x2 Types/AVRConfig.o
                0x000005f0                _ZdlPv
 .text.libgcc   0x000005f2        0xc c:/program files (x86)/atmel/studio/7.0/toolchain/avr8/avr8-gnu-toolchain/bin/../lib/gcc/avr/4.9.2/avr5\libgcc.a(_tablejump2.o)
                0x000005f2                __tablejump2__
                0x000005fe                . = ALIGN (0x2)
 *(.fini9)
 .fini9         0x000005fe        0x0 c:/program files (x86)/atmel/studio/7.0/toolchain/avr8/avr8-gnu-toolchain/bin/../lib/gcc/avr/4.9.2/avr5\libgcc.a(_exit.o)
                0x000005fe                _exit
                0x000005fe                exit
 *(.fini9)
 *(.fini8)
 *(.fini8)
 *(.fini7)
 *(.fini7)
 *(.fini6)
 *(.fini6)
 *(.fini5)
 *(.fini5)
 *(.fini4)
 *(.fini4)
 *(.fini3)
 *(.fini3)
 *(.fini2)
 *(.fini2)
 *(.fini1)
 *(.fini1)
 *(.fini0)
 .fini0         0x000005fe        0x4 c:/program files (x86)/atmel/studio/7.0/toolchain/avr8/avr8-gnu-toolchain/bin/../lib/gcc/avr/4.9.2/avr5\libgcc.a(_exit.o)
 *(.fini0)
                0x00000602                _etext = .

.data           0x00800060      0x124 load address 0x00000602
                0x00800060                PROVIDE (__data_start, .)
 *(.data)
 *(.data*)
 *(.rodata)
 *(.rodata*)
 .rodata._ZTV7Timer16
                0x00800060       0x1c Periphery/Timer/Timer16/Timer16.o
                0x00800060                _ZTV7Timer16
 .rodata._ZTV4Tifr
                0x0080007c       0x1e Register/General/Tifr.o
                0x0080007c                _ZTV4Tifr
 .rodata._ZTV5Timsk
                0x0080009a       0x1e Register/General/Timsk.o
                0x0080009a                _ZTV5Timsk
 .rodata._ZTV5Icr16
                0x008000b8       0x1e Register/Timer/Timer16/Icr16.o
                0x008000b8                _ZTV5Icr16
 .rodata._ZTV5Ocr16
                0x008000d6       0x2e Register/Timer/Timer16/Ocr16.o
                0x008000d6                _ZTV5Ocr16
 .rodata._ZTV6Tccr16
                0x00800104       0x16 Register/Timer/Timer16/Tccr16.o
                0x00800104                _ZTV6Tccr16
 .rodata._ZTV5TccrA
                0x0080011a       0x1e Register/Timer/Timer16/Tccr/TccrA.o
                0x0080011a                _ZTV5TccrA
 .rodata._ZTV5TccrB
                0x00800138       0x1e Register/Timer/Timer16/Tccr/TccrB.o
                0x00800138                _ZTV5TccrB
 .rodata._ZTV6Tcnt16
                0x00800156       0x2e Register/Timer/Timer16/Tcnt16.o
                0x00800156                _ZTV6Tcnt16
 *(.gnu.linkonce.d*)
                0x00800184                . = ALIGN (0x2)
                0x00800184                _edata = .
                0x00800184                PROVIDE (__data_end, .)

.bss            0x00800184        0x0
                0x00800184                PROVIDE (__bss_start, .)
 *(.bss)
 *(.bss*)
 *(COMMON)
                0x00800184                PROVIDE (__bss_end, .)
                0x00000602                __data_load_start = LOADADDR (.data)
                0x00000726                __data_load_end = (__data_load_start + SIZEOF (.data))

.noinit         0x00800184        0x0
                0x00800184                PROVIDE (__noinit_start, .)
 *(.noinit*)
                0x00800184                PROVIDE (__noinit_end, .)
                0x00800184                _end = .
                0x00800184                PROVIDE (__heap_start, .)

.eeprom         0x00810000        0x0
 *(.eeprom*)
                0x00810000                __eeprom_end = .

.fuse
 *(.fuse)
 *(.lfuse)
 *(.hfuse)
 *(.efuse)

.lock
 *(.lock*)

.signature
 *(.signature*)

.user_signatures
 *(.user_signatures*)

.stab
 *(.stab)

.stabstr
 *(.stabstr)

.stab.excl
 *(.stab.excl)

.stab.exclstr
 *(.stab.exclstr)

.stab.index
 *(.stab.index)

.stab.indexstr
 *(.stab.indexstr)

.comment        0x00000000       0x30
 *(.comment)
 .comment       0x00000000       0x30 Application/Os/Os.o
                                 0x31 (size before relaxing)
 .comment       0x00000030       0x31 main.o
 .comment       0x00000030       0x31 Periphery/Com/Uart/Uart.o
 .comment       0x00000030       0x31 Periphery/Timer/Timer16/Timer16.o
 .comment       0x00000030       0x31 Register/General/Tifr.o
 .comment       0x00000030       0x31 Register/General/Timsk.o
 .comment       0x00000030       0x31 Register/Timer/Timer16/Icr16.o
 .comment       0x00000030       0x31 Register/Timer/Timer16/Ocr16.o
 .comment       0x00000030       0x31 Register/Timer/Timer16/Tccr16.o
 .comment       0x00000030       0x31 Register/Timer/Timer16/Tccr/TccrA.o
 .comment       0x00000030       0x31 Register/Timer/Timer16/Tccr/TccrB.o
 .comment       0x00000030       0x31 Register/Timer/Timer16/Tcnt16.o
 .comment       0x00000030       0x31 Types/AVRConfig.o

.note.gnu.avr.deviceinfo
                0x00000000       0x3c
 .note.gnu.avr.deviceinfo
                0x00000000       0x3c C:/Program Files (x86)/Atmel/Studio/7.0/Packs/atmel/ATmega_DFP/1.0.90/gcc/dev/atmega32/avr5/crtatmega32.o

.note.gnu.build-id
 *(.note.gnu.build-id)

.debug
 *(.debug)

.line
 *(.line)

.debug_srcinfo
 *(.debug_srcinfo)

.debug_sfnames
 *(.debug_sfnames)

.debug_aranges  0x00000000      0xa30
 *(.debug_aranges)
 .debug_aranges
                0x00000000       0x68 Application/Os/Os.o
 .debug_aranges
                0x00000068       0x20 main.o
 .debug_aranges
                0x00000088       0xf8 Periphery/Com/Uart/Uart.o
 .debug_aranges
                0x00000180       0xe8 Periphery/Timer/Timer16/Timer16.o
 .debug_aranges
                0x00000268      0x100 Register/General/Tifr.o
 .debug_aranges
                0x00000368       0xf8 Register/General/Timsk.o
 .debug_aranges
                0x00000460       0xe0 Register/Timer/Timer16/Icr16.o
 .debug_aranges
                0x00000540      0x138 Register/Timer/Timer16/Ocr16.o
 .debug_aranges
                0x00000678       0x98 Register/Timer/Timer16/Tccr16.o
 .debug_aranges
                0x00000710       0xf8 Register/Timer/Timer16/Tccr/TccrA.o
 .debug_aranges
                0x00000808       0xf8 Register/Timer/Timer16/Tccr/TccrB.o
 .debug_aranges
                0x00000900      0x108 Register/Timer/Timer16/Tcnt16.o
 .debug_aranges
                0x00000a08       0x28 Types/AVRConfig.o

.debug_pubnames
 *(.debug_pubnames)

.debug_info     0x00000000     0xda9b
 *(.debug_info .gnu.linkonce.wi.*)
 .debug_info    0x00000000      0xc9c Application/Os/Os.o
 .debug_info    0x00000c9c      0x9c1 main.o
 .debug_info    0x0000165d     0x16da Periphery/Com/Uart/Uart.o
 .debug_info    0x00002d37     0x22b8 Periphery/Timer/Timer16/Timer16.o
 .debug_info    0x00004fef     0x102a Register/General/Tifr.o
 .debug_info    0x00006019      0xf41 Register/General/Timsk.o
 .debug_info    0x00006f5a      0xfd0 Register/Timer/Timer16/Icr16.o
 .debug_info    0x00007f2a     0x14c3 Register/Timer/Timer16/Ocr16.o
 .debug_info    0x000093ed     0x11f5 Register/Timer/Timer16/Tccr16.o
 .debug_info    0x0000a5e2      0xf41 Register/Timer/Timer16/Tccr/TccrA.o
 .debug_info    0x0000b523      0xf41 Register/Timer/Timer16/Tccr/TccrB.o
 .debug_info    0x0000c464     0x1251 Register/Timer/Timer16/Tcnt16.o
 .debug_info    0x0000d6b5      0x3e6 Types/AVRConfig.o

.debug_abbrev   0x00000000     0x2b09
 *(.debug_abbrev)
 .debug_abbrev  0x00000000      0x3d4 Application/Os/Os.o
 .debug_abbrev  0x000003d4      0x33b main.o
 .debug_abbrev  0x0000070f      0x3de Periphery/Com/Uart/Uart.o
 .debug_abbrev  0x00000aed      0x4bb Periphery/Timer/Timer16/Timer16.o
 .debug_abbrev  0x00000fa8      0x335 Register/General/Tifr.o
 .debug_abbrev  0x000012dd      0x2e8 Register/General/Timsk.o
 .debug_abbrev  0x000015c5      0x31a Register/Timer/Timer16/Icr16.o
 .debug_abbrev  0x000018df      0x37a Register/Timer/Timer16/Ocr16.o
 .debug_abbrev  0x00001c59      0x46e Register/Timer/Timer16/Tccr16.o
 .debug_abbrev  0x000020c7      0x2e8 Register/Timer/Timer16/Tccr/TccrA.o
 .debug_abbrev  0x000023af      0x2e8 Register/Timer/Timer16/Tccr/TccrB.o
 .debug_abbrev  0x00002697      0x35e Register/Timer/Timer16/Tcnt16.o
 .debug_abbrev  0x000029f5      0x114 Types/AVRConfig.o

.debug_line     0x00000000     0x2242
 *(.debug_line .debug_line.* .debug_line_end)
 .debug_line    0x00000000      0x208 Application/Os/Os.o
 .debug_line    0x00000208      0x125 main.o
 .debug_line    0x0000032d      0x31a Periphery/Com/Uart/Uart.o
 .debug_line    0x00000647      0x3d6 Periphery/Timer/Timer16/Timer16.o
 .debug_line    0x00000a1d      0x2db Register/General/Tifr.o
 .debug_line    0x00000cf8      0x2bf Register/General/Timsk.o
 .debug_line    0x00000fb7      0x293 Register/Timer/Timer16/Icr16.o
 .debug_line    0x0000124a      0x38e Register/Timer/Timer16/Ocr16.o
 .debug_line    0x000015d8      0x274 Register/Timer/Timer16/Tccr16.o
 .debug_line    0x0000184c      0x2ca Register/Timer/Timer16/Tccr/TccrA.o
 .debug_line    0x00001b16      0x2ca Register/Timer/Timer16/Tccr/TccrB.o
 .debug_line    0x00001de0      0x32c Register/Timer/Timer16/Tcnt16.o
 .debug_line    0x0000210c      0x136 Types/AVRConfig.o

.debug_frame    0x00000000     0x13dc
 *(.debug_frame)
 .debug_frame   0x00000000       0xb4 Application/Os/Os.o
 .debug_frame   0x000000b4       0x34 main.o
 .debug_frame   0x000000e8      0x1f4 Periphery/Com/Uart/Uart.o
 .debug_frame   0x000002dc      0x20c Periphery/Timer/Timer16/Timer16.o
 .debug_frame   0x000004e8      0x1e4 Register/General/Tifr.o
 .debug_frame   0x000006cc      0x1d4 Register/General/Timsk.o
 .debug_frame   0x000008a0      0x1a4 Register/Timer/Timer16/Icr16.o
 .debug_frame   0x00000a44      0x254 Register/Timer/Timer16/Ocr16.o
 .debug_frame   0x00000c98      0x144 Register/Timer/Timer16/Tccr16.o
 .debug_frame   0x00000ddc      0x1d4 Register/Timer/Timer16/Tccr/TccrA.o
 .debug_frame   0x00000fb0      0x1d4 Register/Timer/Timer16/Tccr/TccrB.o
 .debug_frame   0x00001184      0x224 Register/Timer/Timer16/Tcnt16.o
 .debug_frame   0x000013a8       0x34 Types/AVRConfig.o

.debug_str      0x00000000     0x2180
 *(.debug_str)
 .debug_str     0x00000000      0x946 Application/Os/Os.o
                                0xa08 (size before relaxing)
 .debug_str     0x00000946       0x13 main.o
                                0x9c2 (size before relaxing)
 .debug_str     0x00000959      0xa2d Periphery/Com/Uart/Uart.o
                                0xc7c (size before relaxing)
 .debug_str     0x00001386      0x72c Periphery/Timer/Timer16/Timer16.o
                               0x13fa (size before relaxing)
 .debug_str     0x00001ab2       0x4d Register/General/Tifr.o
                                0x6ce (size before relaxing)
 .debug_str     0x00001aff       0x52 Register/General/Timsk.o
                                0x658 (size before relaxing)
 .debug_str     0x00001b51       0x58 Register/Timer/Timer16/Icr16.o
                                0x6c0 (size before relaxing)
 .debug_str     0x00001ba9       0xc6 Register/Timer/Timer16/Ocr16.o
                                0x887 (size before relaxing)
 .debug_str     0x00001c6f      0x302 Register/Timer/Timer16/Tccr16.o
                                0xd88 (size before relaxing)
 .debug_str     0x00001f71       0x5d Register/Timer/Timer16/Tccr/TccrA.o
                                0x663 (size before relaxing)
 .debug_str     0x00001fce       0x5d Register/Timer/Timer16/Tccr/TccrB.o
                                0x663 (size before relaxing)
 .debug_str     0x0000202b       0xc6 Register/Timer/Timer16/Tcnt16.o
                                0x76a (size before relaxing)
 .debug_str     0x000020f1       0x8f Types/AVRConfig.o
                                0x379 (size before relaxing)

.debug_loc      0x00000000     0x2983
 *(.debug_loc)
 .debug_loc     0x00000000      0x444 Application/Os/Os.o
 .debug_loc     0x00000444       0x48 main.o
 .debug_loc     0x0000048c      0x3b7 Periphery/Com/Uart/Uart.o
 .debug_loc     0x00000843      0x867 Periphery/Timer/Timer16/Timer16.o
 .debug_loc     0x000010aa      0x3a8 Register/General/Tifr.o
 .debug_loc     0x00001452      0x29d Register/General/Timsk.o
 .debug_loc     0x000016ef      0x249 Register/Timer/Timer16/Icr16.o
 .debug_loc     0x00001938      0x33d Register/Timer/Timer16/Ocr16.o
 .debug_loc     0x00001c75      0x4cd Register/Timer/Timer16/Tccr16.o
 .debug_loc     0x00002142      0x29d Register/Timer/Timer16/Tccr/TccrA.o
 .debug_loc     0x000023df      0x29d Register/Timer/Timer16/Tccr/TccrB.o
 .debug_loc     0x0000267c      0x2e1 Register/Timer/Timer16/Tcnt16.o
 .debug_loc     0x0000295d       0x26 Types/AVRConfig.o

.debug_macinfo
 *(.debug_macinfo)

.debug_weaknames
 *(.debug_weaknames)

.debug_funcnames
 *(.debug_funcnames)

.debug_typenames
 *(.debug_typenames)

.debug_varnames
 *(.debug_varnames)

.debug_pubtypes
 *(.debug_pubtypes)

.debug_ranges   0x00000000      0x960
 *(.debug_ranges)
 .debug_ranges  0x00000000       0x58 Application/Os/Os.o
 .debug_ranges  0x00000058       0x10 main.o
 .debug_ranges  0x00000068       0xe8 Periphery/Com/Uart/Uart.o
 .debug_ranges  0x00000150       0xd8 Periphery/Timer/Timer16/Timer16.o
 .debug_ranges  0x00000228       0xf0 Register/General/Tifr.o
 .debug_ranges  0x00000318       0xe8 Register/General/Timsk.o
 .debug_ranges  0x00000400       0xd0 Register/Timer/Timer16/Icr16.o
 .debug_ranges  0x000004d0      0x128 Register/Timer/Timer16/Ocr16.o
 .debug_ranges  0x000005f8       0x88 Register/Timer/Timer16/Tccr16.o
 .debug_ranges  0x00000680       0xe8 Register/Timer/Timer16/Tccr/TccrA.o
 .debug_ranges  0x00000768       0xe8 Register/Timer/Timer16/Tccr/TccrB.o
 .debug_ranges  0x00000850       0xf8 Register/Timer/Timer16/Tcnt16.o
 .debug_ranges  0x00000948       0x18 Types/AVRConfig.o

.debug_macro
 *(.debug_macro)
OUTPUT(GccApplication1.elf elf32-avr)
LOAD linker stubs
